[INFO] Scanning for projects...
[INFO] 
[INFO] -------------------< com.example:restaurant-booking >-------------------
[INFO] Building restaurant-booking 0.0.1-SNAPSHOT
[INFO]   from pom.xml
[INFO] --------------------------------[ jar ]---------------------------------
[INFO] 
[INFO] --- jacoco:0.8.11:prepare-agent (default) @ restaurant-booking ---
[INFO] argLine set to "-javaagent:C:\\Users\\This PC\\.m2\\repository\\org\\jacoco\\org.jacoco.agent\\0.8.11\\org.jacoco.agent-0.8.11-runtime.jar=destfile=D:\\FPT_Uni\\SWP\\RestaurantBookingWebsite\\target\\jacoco.exec"
[INFO] 
[INFO] --- resources:3.3.1:resources (default-resources) @ restaurant-booking ---
[INFO] Copying 3 resources from src\main\resources to target\classes
[INFO] Copying 155 resources from src\main\resources to target\classes
[INFO] 
[INFO] --- compiler:3.11.0:compile (default-compile) @ restaurant-booking ---
[INFO] Changes detected - recompiling the module! :source
[INFO] Compiling 361 source files with javac [debug release 17] to target\classes
